GET /redis/get?name=hots - 2.ms, 2025/7/28 16:55:30
GET /redis/get - 1.ms, 2025/7/28 16:55:40
GET /redis/get - 2.ms, 2025/7/28 16:56:04
GET /redis/get?name=hots - 1.ms, 2025/7/28 16:56:06
GET /redis/get?name=hots - 3.ms, 2025/7/28 16:57:51
GET / - 3.ms, 2025/7/29 21:45:53 
GET /favicon.ico - 2.ms, 2025/7/29 21:45:54 
GET / - 17.ms, 2025/9/8 16:53:59
GET /login - 6.ms, 2025/9/8 16:57:05
GET /favicon.ico - 2.ms, 2025/9/8 16:57:06
GET /login - 4.ms, 2025/9/8 17:06:42
GET /login - 3.ms, 2025/9/8 17:08:09
GET /login - 3.ms, 2025/9/8 17:08:10
GET /login - 2.ms, 2025/9/8 17:08:10
GET /login - 1.ms, 2025/9/8 17:08:11
GET /login - 8.ms, 2025/9/8 17:08:11
GET /.well-known/appspecific/com.chrome.devtools.json - 0.ms, 2025/9/8 17:08:14
GET / - 2.ms, 2025/9/8 17:08:17
GET /.well-known/appspecific/com.chrome.devtools.json - 1.ms, 2025/9/8 17:08:17
GET / - 4.ms, 2025/9/8 17:08:38
GET /.well-known/appspecific/com.chrome.devtools.json - 2.ms, 2025/9/8 17:08:39
GET / - 5.ms, 2025/9/8 17:09:29
GET / - 2.ms, 2025/9/8 17:09:33
GET / - 5.ms, 2025/9/8 17:10:48
GET / - 5.ms, 2025/9/8 17:11:23
GET /.well-known/appspecific/com.chrome.devtools.json - 4.ms, 2025/9/8 17:11:23
GET / - 1.ms, 2025/9/8 17:11:33
GET /.well-known/appspecific/com.chrome.devtools.json - 1.ms, 2025/9/8 17:11:33
GET /user/login - 6.ms, 2025/9/8 17:11:40
GET /.well-known/appspecific/com.chrome.devtools.json - 1.ms, 2025/9/8 17:11:40
GET /user/login - 1.ms, 2025/9/8 17:46:20
GET /user/login - 3.ms, 2025/9/8 17:50:23
GET /user/info - 2.ms, 2025/9/8 17:53:03
GET /user/info - 2.ms, 2025/9/8 17:53:33
GET /.well-known/appspecific/com.chrome.devtools.json - 4.ms, 2025/9/8 17:53:33
GET /user/info - 0.ms, 2025/9/8 17:53:35
GET /.well-known/appspecific/com.chrome.devtools.json - 3.ms, 2025/9/8 17:53:35
GET /user/info?name=james - 1.ms, 2025/9/8 17:54:01
GET /.well-known/appspecific/com.chrome.devtools.json - 1.ms, 2025/9/8 17:54:01
GET /user/info?name=james - 0.ms, 2025/9/8 17:54:13
GET /.well-known/appspecific/com.chrome.devtools.json - 2.ms, 2025/9/8 17:54:13
GET /user/info?name=james - 2.ms, 2025/9/8 17:55:55
GET /.well-known/appspecific/com.chrome.devtools.json - 6.ms, 2025/9/8 17:55:55
GET /user/info?name=james - 1.ms, 2025/9/8 17:55:58
GET /.well-known/appspecific/com.chrome.devtools.json - 1.ms, 2025/9/8 17:55:58
GET / - 1.ms, 2025/9/8 17:56:24
GET /.well-known/appspecific/com.chrome.devtools.json - 1.ms, 2025/9/8 17:56:24
GET / - 1.ms, 2025/9/8 17:56:27
GET /.well-known/appspecific/com.chrome.devtools.json - 1.ms, 2025/9/8 17:56:27
GET / - 2.ms, 2025/9/8 17:57:10
GET /.well-known/appspecific/com.chrome.devtools.json - 5.ms, 2025/9/8 17:57:10
GET / - 1.ms, 2025/9/8 17:57:11
GET /.well-known/appspecific/com.chrome.devtools.json - 1.ms, 2025/9/8 17:57:11
GET / - 1.ms, 2025/9/8 17:57:11
GET /.well-known/appspecific/com.chrome.devtools.json - 1.ms, 2025/9/8 17:57:11
GET / - 1.ms, 2025/9/8 17:57:11
GET /.well-known/appspecific/com.chrome.devtools.json - 0.ms, 2025/9/8 17:57:11
GET / - 0.ms, 2025/9/8 17:57:12
GET /.well-known/appspecific/com.chrome.devtools.json - 8.ms, 2025/9/8 17:57:12
GET / - 3.ms, 2025/9/8 17:57:21
GET /.well-known/appspecific/com.chrome.devtools.json - 1.ms, 2025/9/8 17:57:21
GET / - 1.ms, 2025/9/8 17:57:22
GET /.well-known/appspecific/com.chrome.devtools.json - 0.ms, 2025/9/8 17:57:22
GET / - 0.ms, 2025/9/8 17:57:22
GET /.well-known/appspecific/com.chrome.devtools.json - 0.ms, 2025/9/8 17:57:22
GET / - 4.ms, 2025/9/8 17:57:49
GET /.well-known/appspecific/com.chrome.devtools.json - 1.ms, 2025/9/8 17:57:49
GET / - 0.ms, 2025/9/8 17:58:07
GET /.well-known/appspecific/com.chrome.devtools.json - 0.ms, 2025/9/8 17:58:07
GET / - 4.ms, 2025/9/8 17:58:29
GET /.well-known/appspecific/com.chrome.devtools.json - 1.ms, 2025/9/8 17:58:29
GET / - 1.ms, 2025/9/8 17:58:36
GET /.well-known/appspecific/com.chrome.devtools.json - 0.ms, 2025/9/8 17:58:36
GET / - 1.ms, 2025/9/8 17:58:55
GET /.well-known/appspecific/com.chrome.devtools.json - 0.ms, 2025/9/8 17:58:55
GET / - 0.ms, 2025/9/8 17:58:56
GET /.well-known/appspecific/com.chrome.devtools.json - 0.ms, 2025/9/8 17:58:56
GET / - 0.ms, 2025/9/8 17:58:56
GET /.well-known/appspecific/com.chrome.devtools.json - 0.ms, 2025/9/8 17:58:56
GET / - 3.ms, 2025/9/8 17:59:04
GET /.well-known/appspecific/com.chrome.devtools.json - 1.ms, 2025/9/8 17:59:04
GET / - 1.ms, 2025/9/8 17:59:04
GET /.well-known/appspecific/com.chrome.devtools.json - 1.ms, 2025/9/8 17:59:04
GET / - 0.ms, 2025/9/8 17:59:04
GET /.well-known/appspecific/com.chrome.devtools.json - 0.ms, 2025/9/8 17:59:04
GET / - 2.ms, 2025/9/8 17:59:11
GET /.well-known/appspecific/com.chrome.devtools.json - 1.ms, 2025/9/8 17:59:11
GET / - 0.ms, 2025/9/8 17:59:12
GET /.well-known/appspecific/com.chrome.devtools.json - 1.ms, 2025/9/8 17:59:12
GET / - 4.ms, 2025/9/8 17:59:27
GET /.well-known/appspecific/com.chrome.devtools.json - 3.ms, 2025/9/8 17:59:27
GET / - 1.ms, 2025/9/8 17:59:28
GET /.well-known/appspecific/com.chrome.devtools.json - 2.ms, 2025/9/8 17:59:28
GET / - 0.ms, 2025/9/8 17:59:28
GET /.well-known/appspecific/com.chrome.devtools.json - 1.ms, 2025/9/8 17:59:28
GET / - 3.ms, 2025/9/8 17:59:28
GET /.well-known/appspecific/com.chrome.devtools.json - 2.ms, 2025/9/8 17:59:28
GET / - 5.ms, 2025/9/8 17:59:42
GET /.well-known/appspecific/com.chrome.devtools.json - 3.ms, 2025/9/8 17:59:42
GET / - 1.ms, 2025/9/8 17:59:42
GET /.well-known/appspecific/com.chrome.devtools.json - 1.ms, 2025/9/8 17:59:42
GET / - 2.ms, 2025/9/8 17:59:42
GET /.well-known/appspecific/com.chrome.devtools.json - 1.ms, 2025/9/8 17:59:42
GET / - 1.ms, 2025/9/8 17:59:43
GET /.well-known/appspecific/com.chrome.devtools.json - 1.ms, 2025/9/8 17:59:43
GET /user/info?name=123 - 2.ms, 2025/9/8 17:59:52
GET /.well-known/appspecific/com.chrome.devtools.json - 1.ms, 2025/9/8 17:59:52
GET / - 4.ms, 2025/9/9 17:13:35
GET / - 0.ms, 2025/9/9 17:13:54
GET / - 4.ms, 2025/9/9 17:14:04
GET / - 3.ms, 2025/9/9 17:16:36
GET /.well-known/appspecific/com.chrome.devtools.json - 3.ms, 2025/9/9 17:16:44
GET /user/login - 1.ms, 2025/9/9 17:16:50
GET /.well-known/appspecific/com.chrome.devtools.json - 0.ms, 2025/9/9 17:16:50
GET /user/login - 5.ms, 2025/9/9 17:20:24
GET /.well-known/appspecific/com.chrome.devtools.json - 3.ms, 2025/9/9 17:20:25
GET /user/login - 1.ms, 2025/9/9 17:20:27
POST /user/login - 2.ms, 2025/9/9 17:20:30
POST /user/info - 1.ms, 2025/9/9 17:25:36
GET /user/info - 2.ms, 2025/9/9 17:25:40
GET /user/info?name=%22james%22 - 0.ms, 2025/9/9 17:25:49
GET /user/info?name=james - 1.ms, 2025/9/9 17:25:54
GET /user/login - 3.ms, 2025/9/9 17:26:12
GET /.well-known/appspecific/com.chrome.devtools.json - 1.ms, 2025/9/9 17:26:13
GET / - 1.ms, 2025/9/9 17:26:18
GET /.well-known/appspecific/com.chrome.devtools.json - 1.ms, 2025/9/9 17:26:19
GET / - 0.ms, 2025/9/9 17:27:31
GET /.well-known/appspecific/com.chrome.devtools.json - 1.ms, 2025/9/9 17:27:32
GET /user/info?name=james - 0.ms, 2025/9/9 17:27:35
GET /user/info?name=james - 0.ms, 2025/9/9 17:27:37
GET / - 1.ms, 2025/9/9 17:28:25
GET /.well-known/appspecific/com.chrome.devtools.json - 0.ms, 2025/9/9 17:28:26
GET /user/info?name=james - 0.ms, 2025/9/9 17:28:29
GET /user/info?name=james - 3.ms, 2025/9/9 17:28:38
GET / - 2.ms, 2025/9/9 17:28:39
GET /.well-known/appspecific/com.chrome.devtools.json - 1.ms, 2025/9/9 17:28:40
GET / - 3.ms, 2025/9/9 17:28:40
GET /.well-known/appspecific/com.chrome.devtools.json - 0.ms, 2025/9/9 17:28:41
POST /user/login - 1.ms, 2025/9/9 17:29:50
POST /user/login - 0.ms, 2025/9/9 17:30:15
POST /user/login - 0.ms, 2025/9/9 17:30:19
POST /user/login - 0.ms, 2025/9/9 17:30:25
POST /user/login - 1.ms, 2025/9/9 17:30:48
POST /user/login - 1.ms, 2025/9/9 17:31:08
POST /user/login - 1.ms, 2025/9/9 17:31:28
POST /user/login - 4.ms, 2025/9/9 17:31:31
POST /user/login - 1.ms, 2025/9/9 17:32:02
POST /user/login - 3.ms, 2025/9/9 17:32:44
POST /user/login - 1.ms, 2025/9/9 17:33:26
POST /user/login - 2.ms, 2025/9/9 17:33:59
POST /user/login - 2.ms, 2025/9/9 17:34:31
POST /user/login - 4.ms, 2025/9/9 17:35:18
